{
  "version": "1.5.0",
  "plugins_used": [
    {
      "name": "ArtifactoryDetector"
    },
    {
      "name": "AWSKeyDetector"
    },
    {
      "name": "AzureStorageKeyDetector"
    },
    {
      "name": "Base64HighEntropyString",
      "limit": 4.5
    },
    {
      "name": "BasicAuthDetector"
    },
    {
      "name": "CloudantDetector"
    },
    {
      "name": "DiscordBotTokenDetector"
    },
    {
      "name": "GitHubTokenDetector"
    },
    {
      "name": "GitLabTokenDetector"
    },
    {
      "name": "HexHighEntropyString",
      "limit": 3.0
    },
    {
      "name": "IbmCloudIamDetector"
    },
    {
      "name": "IbmCosHmacDetector"
    },
    {
      "name": "IPPublicDetector"
    },
    {
      "name": "JwtTokenDetector"
    },
    {
      "name": "KeywordDetector",
      "keyword_exclude": ""
    },
    {
      "name": "MailchimpDetector"
    },
    {
      "name": "NpmDetector"
    },
    {
      "name": "OpenAIDetector"
    },
    {
      "name": "PrivateKeyDetector"
    },
    {
      "name": "PypiTokenDetector"
    },
    {
      "name": "SendGridDetector"
    },
    {
      "name": "SlackDetector"
    },
    {
      "name": "SoftlayerDetector"
    },
    {
      "name": "SquareOAuthDetector"
    },
    {
      "name": "StripeDetector"
    },
    {
      "name": "TelegramBotTokenDetector"
    },
    {
      "name": "TwilioKeyDetector"
    }
  ],
  "filters_used": [
    {
      "path": "detect_secrets.filters.allowlist.is_line_allowlisted"
    },
    {
      "path": "detect_secrets.filters.common.is_baseline_file",
      "filename": ".secrets.baseline"
    },
    {
      "path": "detect_secrets.filters.common.is_ignored_due_to_verification_policies",
      "min_level": 2
    },
    {
      "path": "detect_secrets.filters.heuristic.is_indirect_reference"
    },
    {
      "path": "detect_secrets.filters.heuristic.is_likely_id_string"
    },
    {
      "path": "detect_secrets.filters.heuristic.is_lock_file"
    },
    {
      "path": "detect_secrets.filters.heuristic.is_not_alphanumeric_string"
    },
    {
      "path": "detect_secrets.filters.heuristic.is_potential_uuid"
    },
    {
      "path": "detect_secrets.filters.heuristic.is_prefixed_with_dollar_sign"
    },
    {
      "path": "detect_secrets.filters.heuristic.is_sequential_string"
    },
    {
      "path": "detect_secrets.filters.heuristic.is_swagger_file"
    },
    {
      "path": "detect_secrets.filters.heuristic.is_templated_secret"
    }
  ],
  "results": {
    ".github/workflows/ci.yaml": [
      {
        "type": "Secret Keyword",
        "filename": ".github/workflows/ci.yaml",
        "hashed_secret": "e6fb2f806ed8fcd61af032433f570e0a209cd6fc",
        "is_verified": false,
        "line_number": 91
      },
      {
        "type": "Basic Auth Credentials",
        "filename": ".github/workflows/ci.yaml",
        "hashed_secret": "e6fb2f806ed8fcd61af032433f570e0a209cd6fc",
        "is_verified": false,
        "line_number": 92
      }
    ],
    "app/releases/settings.py": [
      {
        "type": "Secret Keyword",
        "filename": "app/releases/settings.py",
        "hashed_secret": "7470696a7e1adefd128e0130ca49d74316bb2595",
        "is_verified": false,
        "line_number": 33
      }
    ],
    "docker-compose.yaml": [
      {
        "type": "Secret Keyword",
        "filename": "docker-compose.yaml",
        "hashed_secret": "d033e22ae348aeb5660fc2140aec35850c4da997",
        "is_verified": false,
        "line_number": 36
      }
    ],
    "langgraph-client/recipes/generated_steps/hamilton_en_latest_integrations_dlt_20241219_121303_gpt_4o.steps.json": [
      {
        "type": "Secret Keyword",
        "filename": "langgraph-client/recipes/generated_steps/hamilton_en_latest_integrations_dlt_20241219_121303_gpt_4o.steps.json",
        "hashed_secret": "3e39fe9fae68e620d790b1fa17a0f7a8730aa548",
        "is_verified": false,
        "line_number": 41
      }
    ]
  },
  "generated_at": "2025-08-06T02:47:17Z"
}
